#! /c/Source/iverilog-install/bin/vvp
:ivl_version "12.0 (devel)" "(s20150603-1539-g2693dd32b)";
:ivl_delay_selection "TYPICAL";
:vpi_time_precision - 12;
:vpi_module "C:\iverilog\lib\ivl\system.vpi";
:vpi_module "C:\iverilog\lib\ivl\vhdl_sys.vpi";
:vpi_module "C:\iverilog\lib\ivl\vhdl_textio.vpi";
:vpi_module "C:\iverilog\lib\ivl\v2005_math.vpi";
:vpi_module "C:\iverilog\lib\ivl\va_math.vpi";
:vpi_module "C:\iverilog\lib\ivl\v2009.vpi";
S_0000019cef253d40 .scope package, "$unit" "$unit" 2 1;
 .timescale 0 0;
S_0000019cef254400 .scope module, "tb" "tb" 3 23;
 .timescale -9 -12;
P_0000019cef28d180 .param/l "C_S_AXI_ADDR_WIDTH" 1 3 28, +C4<00000000000000000000000000000100>;
P_0000019cef28d1b8 .param/l "C_S_AXI_DATA_WIDTH" 1 3 27, +C4<00000000000000000000000000100000>;
P_0000019cef28d1f0 .param/l "GP_ADDR_WIDTH" 1 3 26, +C4<00000000000000000000000000000110>;
v0000019cef2fbca0_0 .net "read", 0 0, L_0000019cef3a8e70;  1 drivers
v0000019cef2fc4c0_0 .net "read_addrs", 5 0, L_0000019cef2fe300;  1 drivers
v0000019cef2fb3e0_0 .var "read_data", 31 0;
v0000019cef2fc7e0_0 .var "read_done", 0 0;
v0000019cef2fb520_0 .var "read_error", 0 0;
v0000019cef2fabc0_0 .var "s_axi_aclk", 0 0;
v0000019cef2fb340_0 .var "s_axi_araddr", 3 0;
v0000019cef2fc240_0 .var "s_axi_aresetn", 0 0;
v0000019cef2fbc00_0 .var "s_axi_arprot", 2 0;
v0000019cef2fbe80_0 .net "s_axi_arready", 0 0, L_0000019cef287890;  1 drivers
v0000019cef2fb7a0_0 .var "s_axi_arvalid", 0 0;
v0000019cef2fae40_0 .var "s_axi_awaddr", 3 0;
v0000019cef2fb0c0_0 .var "s_axi_awprot", 2 0;
v0000019cef2fc560_0 .net "s_axi_awready", 0 0, L_0000019cef287200;  1 drivers
v0000019cef2fb020_0 .var "s_axi_awvalid", 0 0;
v0000019cef2fc100_0 .var "s_axi_bready", 0 0;
v0000019cef2fb5c0_0 .net "s_axi_bresp", 1 0, L_0000019cef2fe800;  1 drivers
v0000019cef2fbf20_0 .net "s_axi_bvalid", 0 0, L_0000019cef3a8e00;  1 drivers
v0000019cef2fc600_0 .net "s_axi_rdata", 31 0, L_0000019cef2fe3a0;  1 drivers
v0000019cef2fc1a0_0 .var "s_axi_rready", 0 0;
v0000019cef2fac60_0 .net "s_axi_rresp", 1 0, L_0000019cef2fe260;  1 drivers
v0000019cef2faee0_0 .net "s_axi_rvalid", 0 0, L_0000019cef3a8ee0;  1 drivers
v0000019cef2fada0_0 .var "s_axi_wdata", 31 0;
v0000019cef2fb660_0 .net "s_axi_wready", 0 0, L_0000019cef287900;  1 drivers
v0000019cef2fbfc0_0 .var "s_axi_wstrb", 3 0;
v0000019cef2fc880_0 .var "s_axi_wvalid", 0 0;
v0000019cef2fc920_0 .var "step", 160 0;
v0000019cef2fc060_0 .net "write", 0 0, L_0000019cef3a8a80;  1 drivers
v0000019cef2fc2e0_0 .net "write_addrs", 5 0, L_0000019cef2fb480;  1 drivers
v0000019cef2fb2a0_0 .net "write_data", 31 0, L_0000019cef2ff020;  1 drivers
v0000019cef2faa80_0 .var "write_done", 0 0;
v0000019cef2fab20_0 .var "write_error", 0 0;
v0000019cef2fad00_0 .net "write_strobe", 3 0, L_0000019cef2ff340;  1 drivers
S_0000019cef3580a0 .scope module, "uut" "axi_lite_slave_v1_0" 3 81, 4 17 0, S_0000019cef254400;
 .timescale -9 -12;
    .port_info 0 /OUTPUT 1 "write";
    .port_info 1 /OUTPUT 6 "write_addrs";
    .port_info 2 /OUTPUT 32 "write_data";
    .port_info 3 /INPUT 1 "write_error";
    .port_info 4 /INPUT 1 "write_done";
    .port_info 5 /OUTPUT 4 "write_strobe";
    .port_info 6 /OUTPUT 1 "read";
    .port_info 7 /OUTPUT 6 "read_addrs";
    .port_info 8 /INPUT 32 "read_data";
    .port_info 9 /INPUT 1 "read_error";
    .port_info 10 /INPUT 1 "read_done";
    .port_info 11 /INPUT 1 "s_axi_aclk";
    .port_info 12 /INPUT 1 "s_axi_aresetn";
    .port_info 13 /INPUT 4 "s_axi_awaddr";
    .port_info 14 /INPUT 3 "s_axi_awprot";
    .port_info 15 /INPUT 1 "s_axi_awvalid";
    .port_info 16 /OUTPUT 1 "s_axi_awready";
    .port_info 17 /INPUT 32 "s_axi_wdata";
    .port_info 18 /INPUT 4 "s_axi_wstrb";
    .port_info 19 /INPUT 1 "s_axi_wvalid";
    .port_info 20 /OUTPUT 1 "s_axi_wready";
    .port_info 21 /OUTPUT 2 "s_axi_bresp";
    .port_info 22 /OUTPUT 1 "s_axi_bvalid";
    .port_info 23 /INPUT 1 "s_axi_bready";
    .port_info 24 /INPUT 4 "s_axi_araddr";
    .port_info 25 /INPUT 3 "s_axi_arprot";
    .port_info 26 /INPUT 1 "s_axi_arvalid";
    .port_info 27 /OUTPUT 1 "s_axi_arready";
    .port_info 28 /OUTPUT 32 "s_axi_rdata";
    .port_info 29 /OUTPUT 2 "s_axi_rresp";
    .port_info 30 /OUTPUT 1 "s_axi_rvalid";
    .port_info 31 /INPUT 1 "s_axi_rready";
P_0000019cef29c840 .param/l "ADDR_MASK" 1 4 66, C4<111111>;
P_0000019cef29c878 .param/l "C_S_AXI_ADDR_WIDTH" 0 4 24, +C4<00000000000000000000000000000100>;
P_0000019cef29c8b0 .param/l "C_S_AXI_DATA_WIDTH" 0 4 23, +C4<00000000000000000000000000100000>;
P_0000019cef29c8e8 .param/l "GP_ADDR_WIDTH" 0 4 20, +C4<00000000000000000000000000000110>;
P_0000019cef29c920 .param/l "RES_ERR" 1 4 68, C4<10>;
P_0000019cef29c958 .param/l "RES_OKAY" 1 4 67, C4<00>;
L_0000019cef2876d0 .functor NOT 1, v0000019cef295f70_0, C4<0>, C4<0>, C4<0>;
L_0000019cef287a50 .functor NOT 1, v0000019cef296790_0, C4<0>, C4<0>, C4<0>;
L_0000019cef287890 .functor AND 1, L_0000019cef2876d0, L_0000019cef287a50, C4<1>, C4<1>;
L_0000019cef287120 .functor NOT 1, v0000019cef2959d0_0, C4<0>, C4<0>, C4<0>;
L_0000019cef287c80 .functor NOT 1, v0000019cef296d30_0, C4<0>, C4<0>, C4<0>;
L_0000019cef287200 .functor AND 1, L_0000019cef287120, L_0000019cef287c80, C4<1>, C4<1>;
L_0000019cef287270 .functor NOT 1, v0000019cef295a70_0, C4<0>, C4<0>, C4<0>;
L_0000019cef287ac0 .functor NOT 1, v0000019cef296d30_0, C4<0>, C4<0>, C4<0>;
L_0000019cef287900 .functor AND 1, L_0000019cef287270, L_0000019cef287ac0, C4<1>, C4<1>;
L_0000019cef3600d0 .functor BUFT 1, C4<111111>, C4<0>, C4<0>, C4<0>;
L_0000019cef287b30 .functor AND 6, L_0000019cef2faf80, L_0000019cef3600d0, C4<111111>, C4<111111>;
L_0000019cef360160 .functor BUFT 1, C4<111111>, C4<0>, C4<0>, C4<0>;
L_0000019cef287970 .functor AND 6, L_0000019cef2ff2a0, L_0000019cef360160, C4<111111>, C4<111111>;
L_0000019cef287ba0 .functor AND 1, L_0000019cef3a8e70, v0000019cef2fc7e0_0, C4<1>, C4<1>;
L_0000019cef3a8ee0 .functor OR 1, L_0000019cef287ba0, v0000019cef296790_0, C4<0>, C4<0>;
L_0000019cef3a84d0 .functor AND 1, L_0000019cef3a8a80, v0000019cef2faa80_0, C4<1>, C4<1>;
L_0000019cef3a8e00 .functor OR 1, L_0000019cef3a84d0, v0000019cef296d30_0, C4<0>, C4<0>;
L_0000019cef3a87e0 .functor OR 1, v0000019cef295f70_0, v0000019cef2fb7a0_0, C4<0>, C4<0>;
L_0000019cef3a8690 .functor NOT 1, v0000019cef296790_0, C4<0>, C4<0>, C4<0>;
L_0000019cef3a8e70 .functor AND 1, L_0000019cef3a87e0, L_0000019cef3a8690, C4<1>, C4<1>;
L_0000019cef3a82a0 .functor OR 1, v0000019cef2959d0_0, v0000019cef2fb020_0, C4<0>, C4<0>;
L_0000019cef3a8700 .functor OR 1, v0000019cef295a70_0, v0000019cef2fc880_0, C4<0>, C4<0>;
L_0000019cef3a89a0 .functor AND 1, L_0000019cef3a82a0, L_0000019cef3a8700, C4<1>, C4<1>;
L_0000019cef3a8a10 .functor NOT 1, v0000019cef296d30_0, C4<0>, C4<0>, C4<0>;
L_0000019cef3a8a80 .functor AND 1, L_0000019cef3a89a0, L_0000019cef3a8a10, C4<1>, C4<1>;
v0000019cef296330_0 .net *"_ivl_0", 0 0, L_0000019cef2876d0;  1 drivers
v0000019cef296c90_0 .net *"_ivl_12", 0 0, L_0000019cef287270;  1 drivers
v0000019cef295110_0 .net *"_ivl_14", 0 0, L_0000019cef287ac0;  1 drivers
v0000019cef296e70_0 .net *"_ivl_18", 5 0, L_0000019cef2faf80;  1 drivers
v0000019cef2957f0_0 .net *"_ivl_2", 0 0, L_0000019cef287a50;  1 drivers
L_0000019cef360088 .functor BUFT 1, C4<00>, C4<0>, C4<0>, C4<0>;
v0000019cef295750_0 .net *"_ivl_21", 1 0, L_0000019cef360088;  1 drivers
v0000019cef2951b0_0 .net/2u *"_ivl_22", 5 0, L_0000019cef3600d0;  1 drivers
v0000019cef295070_0 .net *"_ivl_24", 5 0, L_0000019cef287b30;  1 drivers
v0000019cef295570_0 .net *"_ivl_28", 5 0, L_0000019cef2ff2a0;  1 drivers
L_0000019cef360118 .functor BUFT 1, C4<00>, C4<0>, C4<0>, C4<0>;
v0000019cef2961f0_0 .net *"_ivl_31", 1 0, L_0000019cef360118;  1 drivers
v0000019cef2963d0_0 .net/2u *"_ivl_32", 5 0, L_0000019cef360160;  1 drivers
v0000019cef295ed0_0 .net *"_ivl_34", 5 0, L_0000019cef287970;  1 drivers
v0000019cef295890_0 .net *"_ivl_42", 0 0, L_0000019cef287ba0;  1 drivers
v0000019cef296470_0 .net *"_ivl_46", 0 0, L_0000019cef3a84d0;  1 drivers
L_0000019cef3601a8 .functor BUFT 1, C4<0>, C4<0>, C4<0>, C4<0>;
v0000019cef295bb0_0 .net/2u *"_ivl_54", 0 0, L_0000019cef3601a8;  1 drivers
v0000019cef296150_0 .net *"_ivl_59", 0 0, L_0000019cef2ffb60;  1 drivers
v0000019cef296970_0 .net *"_ivl_6", 0 0, L_0000019cef287120;  1 drivers
L_0000019cef3601f0 .functor BUFT 1, C4<0>, C4<0>, C4<0>, C4<0>;
v0000019cef296a10_0 .net/2u *"_ivl_63", 0 0, L_0000019cef3601f0;  1 drivers
v0000019cef295610_0 .net *"_ivl_68", 0 0, L_0000019cef2fde00;  1 drivers
v0000019cef295930_0 .net *"_ivl_70", 0 0, L_0000019cef3a87e0;  1 drivers
v0000019cef295250_0 .net *"_ivl_72", 0 0, L_0000019cef3a8690;  1 drivers
v0000019cef295430_0 .net *"_ivl_76", 0 0, L_0000019cef3a82a0;  1 drivers
v0000019cef295c50_0 .net *"_ivl_78", 0 0, L_0000019cef3a8700;  1 drivers
v0000019cef296f10_0 .net *"_ivl_8", 0 0, L_0000019cef287c80;  1 drivers
v0000019cef296290_0 .net *"_ivl_80", 0 0, L_0000019cef3a89a0;  1 drivers
v0000019cef295cf0_0 .net *"_ivl_82", 0 0, L_0000019cef3a8a10;  1 drivers
v0000019cef295f70_0 .var "got_read_addrs", 0 0;
v0000019cef2959d0_0 .var "got_write_addrs", 0 0;
v0000019cef295a70_0 .var "got_write_data", 0 0;
v0000019cef296790_0 .var "hold_read_resp", 0 0;
v0000019cef296d30_0 .var "hold_write_resp", 0 0;
v0000019cef295b10_0 .net "read", 0 0, L_0000019cef3a8e70;  alias, 1 drivers
v0000019cef296ab0_0 .net "read_addrs", 5 0, L_0000019cef2fe300;  alias, 1 drivers
v0000019cef2952f0_0 .var "read_addrs_hold", 5 0;
v0000019cef295390_0 .net "read_data", 31 0, v0000019cef2fb3e0_0;  1 drivers
v0000019cef296bf0_0 .net "read_done", 0 0, v0000019cef2fc7e0_0;  1 drivers
v0000019cef296dd0_0 .net "read_error", 0 0, v0000019cef2fb520_0;  1 drivers
v0000019cef296510_0 .net "s_axi_aclk", 0 0, v0000019cef2fabc0_0;  1 drivers
v0000019cef295d90_0 .net "s_axi_araddr", 3 0, v0000019cef2fb340_0;  1 drivers
v0000019cef295e30_0 .net "s_axi_aresetn", 0 0, v0000019cef2fc240_0;  1 drivers
v0000019cef2965b0_0 .net "s_axi_arprot", 2 0, v0000019cef2fbc00_0;  1 drivers
v0000019cef2966f0_0 .net "s_axi_arready", 0 0, L_0000019cef287890;  alias, 1 drivers
v0000019cef296650_0 .net "s_axi_arvalid", 0 0, v0000019cef2fb7a0_0;  1 drivers
v0000019cef296830_0 .net "s_axi_awaddr", 3 0, v0000019cef2fae40_0;  1 drivers
v0000019cef2954d0_0 .net "s_axi_awprot", 2 0, v0000019cef2fb0c0_0;  1 drivers
v0000019cef2968d0_0 .net "s_axi_awready", 0 0, L_0000019cef287200;  alias, 1 drivers
v0000019cef296010_0 .net "s_axi_awvalid", 0 0, v0000019cef2fb020_0;  1 drivers
v0000019cef2960b0_0 .net "s_axi_bready", 0 0, v0000019cef2fc100_0;  1 drivers
v0000019cef296b50_0 .net "s_axi_bresp", 1 0, L_0000019cef2fe800;  alias, 1 drivers
v0000019cef2529d0_0 .var "s_axi_bresp_hold", 0 0;
v0000019cef253010_0 .net "s_axi_bvalid", 0 0, L_0000019cef3a8e00;  alias, 1 drivers
v0000019cef252c50_0 .net "s_axi_rdata", 31 0, L_0000019cef2fe3a0;  alias, 1 drivers
v0000019cef252610_0 .var "s_axi_rdata_hold", 31 0;
v0000019cef252a70_0 .net "s_axi_rready", 0 0, v0000019cef2fc1a0_0;  1 drivers
v0000019cef252cf0_0 .net "s_axi_rresp", 1 0, L_0000019cef2fe260;  alias, 1 drivers
v0000019cef2fba20_0 .var "s_axi_rresp_hold", 0 0;
v0000019cef2fbac0_0 .net "s_axi_rvalid", 0 0, L_0000019cef3a8ee0;  alias, 1 drivers
v0000019cef2fbde0_0 .net "s_axi_wdata", 31 0, v0000019cef2fada0_0;  1 drivers
v0000019cef2fbd40_0 .net "s_axi_wready", 0 0, L_0000019cef287900;  alias, 1 drivers
v0000019cef2fbb60_0 .net "s_axi_wstrb", 3 0, v0000019cef2fbfc0_0;  1 drivers
v0000019cef2fb840_0 .net "s_axi_wvalid", 0 0, v0000019cef2fc880_0;  1 drivers
v0000019cef2fb160_0 .net "write", 0 0, L_0000019cef3a8a80;  alias, 1 drivers
v0000019cef2fc380_0 .net "write_addrs", 5 0, L_0000019cef2fb480;  alias, 1 drivers
v0000019cef2fc6a0_0 .var "write_addrs_hold", 5 0;
v0000019cef2fb700_0 .net "write_data", 31 0, L_0000019cef2ff020;  alias, 1 drivers
v0000019cef2fb8e0_0 .var "write_data_hold", 31 0;
v0000019cef2fb980_0 .net "write_done", 0 0, v0000019cef2faa80_0;  1 drivers
v0000019cef2fb200_0 .net "write_error", 0 0, v0000019cef2fab20_0;  1 drivers
v0000019cef2fc420_0 .net "write_strobe", 3 0, L_0000019cef2ff340;  alias, 1 drivers
v0000019cef2fc740_0 .var "write_strobe_hold", 3 0;
E_0000019cef24d8b0 .event posedge, v0000019cef296510_0;
L_0000019cef2faf80 .concat [ 4 2 0 0], v0000019cef2fae40_0, L_0000019cef360088;
L_0000019cef2fb480 .functor MUXZ 6, L_0000019cef287b30, v0000019cef2fc6a0_0, v0000019cef2959d0_0, C4<>;
L_0000019cef2ff2a0 .concat [ 4 2 0 0], v0000019cef2fb340_0, L_0000019cef360118;
L_0000019cef2fe300 .functor MUXZ 6, L_0000019cef287970, v0000019cef2952f0_0, v0000019cef295f70_0, C4<>;
L_0000019cef2ff340 .functor MUXZ 4, v0000019cef2fbfc0_0, v0000019cef2fc740_0, v0000019cef295a70_0, C4<>;
L_0000019cef2ff020 .functor MUXZ 32, v0000019cef2fada0_0, v0000019cef2fb8e0_0, v0000019cef295a70_0, C4<>;
L_0000019cef2fe3a0 .functor MUXZ 32, v0000019cef2fb3e0_0, v0000019cef252610_0, v0000019cef296790_0, C4<>;
L_0000019cef2fe800 .concat8 [ 1 1 0 0], L_0000019cef3601a8, L_0000019cef2ffb60;
L_0000019cef2ffb60 .functor MUXZ 1, v0000019cef2fab20_0, v0000019cef2529d0_0, v0000019cef296d30_0, C4<>;
L_0000019cef2fe260 .concat8 [ 1 1 0 0], L_0000019cef3601f0, L_0000019cef2fde00;
L_0000019cef2fde00 .functor MUXZ 1, v0000019cef2fb520_0, v0000019cef2fba20_0, v0000019cef296790_0, C4<>;
    .scope S_0000019cef3580a0;
T_0 ;
    %wait E_0000019cef24d8b0;
    %load/vec4 v0000019cef295e30_0;
    %inv;
    %flag_set/vec4 8;
    %jmp/0xz  T_0.0, 8;
    %pushi/vec4 0, 0, 1;
    %assign/vec4 v0000019cef295a70_0, 0;
    %jmp T_0.1;
T_0.0 ;
    %load/vec4 v0000019cef295a70_0;
    %dup/vec4;
    %pushi/vec4 0, 0, 1;
    %cmp/u;
    %jmp/1 T_0.2, 6;
    %dup/vec4;
    %pushi/vec4 1, 0, 1;
    %cmp/u;
    %jmp/1 T_0.3, 6;
    %jmp T_0.4;
T_0.2 ;
    %load/vec4 v0000019cef2fb840_0;
    %load/vec4 v0000019cef2fb980_0;
    %load/vec4 v0000019cef2fb160_0;
    %and;
    %inv;
    %and;
    %assign/vec4 v0000019cef295a70_0, 0;
    %jmp T_0.4;
T_0.3 ;
    %load/vec4 v0000019cef2fb980_0;
    %inv;
    %assign/vec4 v0000019cef295a70_0, 0;
    %jmp T_0.4;
T_0.4 ;
    %pop/vec4 1;
T_0.1 ;
    %jmp T_0;
    .thread T_0;
    .scope S_0000019cef3580a0;
T_1 ;
    %wait E_0000019cef24d8b0;
    %load/vec4 v0000019cef295e30_0;
    %inv;
    %flag_set/vec4 8;
    %jmp/0xz  T_1.0, 8;
    %pushi/vec4 0, 0, 1;
    %assign/vec4 v0000019cef2959d0_0, 0;
    %jmp T_1.1;
T_1.0 ;
    %load/vec4 v0000019cef2959d0_0;
    %dup/vec4;
    %pushi/vec4 0, 0, 1;
    %cmp/u;
    %jmp/1 T_1.2, 6;
    %dup/vec4;
    %pushi/vec4 1, 0, 1;
    %cmp/u;
    %jmp/1 T_1.3, 6;
    %jmp T_1.4;
T_1.2 ;
    %load/vec4 v0000019cef296010_0;
    %load/vec4 v0000019cef2fb980_0;
    %load/vec4 v0000019cef2fb160_0;
    %and;
    %inv;
    %and;
    %assign/vec4 v0000019cef2959d0_0, 0;
    %jmp T_1.4;
T_1.3 ;
    %load/vec4 v0000019cef2fb980_0;
    %inv;
    %assign/vec4 v0000019cef2959d0_0, 0;
    %jmp T_1.4;
T_1.4 ;
    %pop/vec4 1;
T_1.1 ;
    %jmp T_1;
    .thread T_1;
    .scope S_0000019cef3580a0;
T_2 ;
    %wait E_0000019cef24d8b0;
    %load/vec4 v0000019cef295e30_0;
    %inv;
    %flag_set/vec4 8;
    %jmp/0xz  T_2.0, 8;
    %pushi/vec4 0, 0, 1;
    %assign/vec4 v0000019cef295f70_0, 0;
    %jmp T_2.1;
T_2.0 ;
    %load/vec4 v0000019cef295f70_0;
    %dup/vec4;
    %pushi/vec4 0, 0, 1;
    %cmp/u;
    %jmp/1 T_2.2, 6;
    %dup/vec4;
    %pushi/vec4 1, 0, 1;
    %cmp/u;
    %jmp/1 T_2.3, 6;
    %jmp T_2.4;
T_2.2 ;
    %load/vec4 v0000019cef296650_0;
    %load/vec4 v0000019cef296bf0_0;
    %inv;
    %and;
    %assign/vec4 v0000019cef295f70_0, 0;
    %jmp T_2.4;
T_2.3 ;
    %load/vec4 v0000019cef296bf0_0;
    %inv;
    %assign/vec4 v0000019cef295f70_0, 0;
    %jmp T_2.4;
T_2.4 ;
    %pop/vec4 1;
T_2.1 ;
    %jmp T_2;
    .thread T_2;
    .scope S_0000019cef3580a0;
T_3 ;
    %wait E_0000019cef24d8b0;
    %load/vec4 v0000019cef2959d0_0;
    %flag_set/vec4 8;
    %jmp/0 T_3.0, 8;
    %load/vec4 v0000019cef2fc6a0_0;
    %jmp/1 T_3.1, 8;
T_3.0 ; End of true expr.
    %load/vec4 v0000019cef296830_0;
    %pad/u 6;
    %pushi/vec4 63, 0, 6;
    %and;
    %jmp/0 T_3.1, 8;
 ; End of false expr.
    %blend;
T_3.1;
    %assign/vec4 v0000019cef2fc6a0_0, 0;
    %load/vec4 v0000019cef295f70_0;
    %flag_set/vec4 8;
    %jmp/0 T_3.2, 8;
    %load/vec4 v0000019cef2952f0_0;
    %jmp/1 T_3.3, 8;
T_3.2 ; End of true expr.
    %load/vec4 v0000019cef295d90_0;
    %pad/u 6;
    %pushi/vec4 63, 0, 6;
    %and;
    %jmp/0 T_3.3, 8;
 ; End of false expr.
    %blend;
T_3.3;
    %assign/vec4 v0000019cef2952f0_0, 0;
    %load/vec4 v0000019cef295a70_0;
    %flag_set/vec4 8;
    %jmp/0 T_3.4, 8;
    %load/vec4 v0000019cef2fc740_0;
    %jmp/1 T_3.5, 8;
T_3.4 ; End of true expr.
    %load/vec4 v0000019cef2fbb60_0;
    %jmp/0 T_3.5, 8;
 ; End of false expr.
    %blend;
T_3.5;
    %assign/vec4 v0000019cef2fc740_0, 0;
    %load/vec4 v0000019cef295a70_0;
    %flag_set/vec4 8;
    %jmp/0 T_3.6, 8;
    %load/vec4 v0000019cef2fb8e0_0;
    %jmp/1 T_3.7, 8;
T_3.6 ; End of true expr.
    %load/vec4 v0000019cef2fbde0_0;
    %jmp/0 T_3.7, 8;
 ; End of false expr.
    %blend;
T_3.7;
    %assign/vec4 v0000019cef2fb8e0_0, 0;
    %jmp T_3;
    .thread T_3;
    .scope S_0000019cef3580a0;
T_4 ;
    %wait E_0000019cef24d8b0;
    %load/vec4 v0000019cef295e30_0;
    %inv;
    %flag_set/vec4 8;
    %jmp/0xz  T_4.0, 8;
    %pushi/vec4 0, 0, 1;
    %assign/vec4 v0000019cef296d30_0, 0;
    %jmp T_4.1;
T_4.0 ;
    %load/vec4 v0000019cef296d30_0;
    %dup/vec4;
    %pushi/vec4 0, 0, 1;
    %cmp/u;
    %jmp/1 T_4.2, 6;
    %dup/vec4;
    %pushi/vec4 1, 0, 1;
    %cmp/u;
    %jmp/1 T_4.3, 6;
    %jmp T_4.4;
T_4.2 ;
    %load/vec4 v0000019cef2fb160_0;
    %load/vec4 v0000019cef2fb980_0;
    %and;
    %load/vec4 v0000019cef2960b0_0;
    %inv;
    %and;
    %assign/vec4 v0000019cef296d30_0, 0;
    %jmp T_4.4;
T_4.3 ;
    %load/vec4 v0000019cef2960b0_0;
    %inv;
    %assign/vec4 v0000019cef296d30_0, 0;
    %jmp T_4.4;
T_4.4 ;
    %pop/vec4 1;
T_4.1 ;
    %jmp T_4;
    .thread T_4;
    .scope S_0000019cef3580a0;
T_5 ;
    %wait E_0000019cef24d8b0;
    %load/vec4 v0000019cef295e30_0;
    %inv;
    %flag_set/vec4 8;
    %jmp/0xz  T_5.0, 8;
    %pushi/vec4 0, 0, 1;
    %assign/vec4 v0000019cef296790_0, 0;
    %jmp T_5.1;
T_5.0 ;
    %load/vec4 v0000019cef296790_0;
    %dup/vec4;
    %pushi/vec4 0, 0, 1;
    %cmp/u;
    %jmp/1 T_5.2, 6;
    %dup/vec4;
    %pushi/vec4 1, 0, 1;
    %cmp/u;
    %jmp/1 T_5.3, 6;
    %jmp T_5.4;
T_5.2 ;
    %load/vec4 v0000019cef295b10_0;
    %load/vec4 v0000019cef296bf0_0;
    %and;
    %load/vec4 v0000019cef252a70_0;
    %inv;
    %and;
    %assign/vec4 v0000019cef296790_0, 0;
    %jmp T_5.4;
T_5.3 ;
    %load/vec4 v0000019cef252a70_0;
    %inv;
    %assign/vec4 v0000019cef296790_0, 0;
    %jmp T_5.4;
T_5.4 ;
    %pop/vec4 1;
T_5.1 ;
    %jmp T_5;
    .thread T_5;
    .scope S_0000019cef3580a0;
T_6 ;
    %wait E_0000019cef24d8b0;
    %load/vec4 v0000019cef296d30_0;
    %flag_set/vec4 8;
    %jmp/0 T_6.0, 8;
    %load/vec4 v0000019cef2529d0_0;
    %jmp/1 T_6.1, 8;
T_6.0 ; End of true expr.
    %load/vec4 v0000019cef2fb200_0;
    %jmp/0 T_6.1, 8;
 ; End of false expr.
    %blend;
T_6.1;
    %assign/vec4 v0000019cef2529d0_0, 0;
    %load/vec4 v0000019cef296790_0;
    %flag_set/vec4 8;
    %jmp/0 T_6.2, 8;
    %load/vec4 v0000019cef2fba20_0;
    %jmp/1 T_6.3, 8;
T_6.2 ; End of true expr.
    %load/vec4 v0000019cef296dd0_0;
    %jmp/0 T_6.3, 8;
 ; End of false expr.
    %blend;
T_6.3;
    %assign/vec4 v0000019cef2fba20_0, 0;
    %load/vec4 v0000019cef295390_0;
    %assign/vec4 v0000019cef252610_0, 0;
    %jmp T_6;
    .thread T_6;
    .scope S_0000019cef254400;
T_7 ;
    %pushi/vec4 1768843636, 0, 161;
    %store/vec4 v0000019cef2fc920_0, 0, 161;
    %pushi/vec4 0, 0, 3;
    %store/vec4 v0000019cef2fb0c0_0, 0, 3;
    %pushi/vec4 0, 0, 3;
    %store/vec4 v0000019cef2fbc00_0, 0, 3;
    %end;
    .thread T_7, $init;
    .scope S_0000019cef254400;
T_8 ;
    %pushi/vec4 0, 0, 1;
    %store/vec4 v0000019cef2fabc0_0, 0, 1;
T_8.0 ;
    %delay 5000, 0;
    %load/vec4 v0000019cef2fabc0_0;
    %inv;
    %store/vec4 v0000019cef2fabc0_0, 0, 1;
    %jmp T_8.0;
    %jmp T_8;
    .thread T_8;
    .scope S_0000019cef254400;
T_9 ;
    %pushi/vec4 1, 0, 1;
    %store/vec4 v0000019cef2fc240_0, 0, 1;
    %delay 1000, 0;
    %pushi/vec4 0, 0, 1;
    %store/vec4 v0000019cef2fc240_0, 0, 1;
    %wait E_0000019cef24d8b0;
    %delay 1000, 0;
    %pushi/vec4 1, 0, 1;
    %store/vec4 v0000019cef2fc240_0, 0, 1;
    %end;
    .thread T_9;
    .scope S_0000019cef254400;
T_10 ;
    %vpi_call/w 3 117 "$dumpfile", "sim.vcd" {0 0 0};
    %vpi_call/w 3 118 "$dumpvars", 32'sb00000000000000000000000000000000, S_0000019cef254400 {0 0 0};
    %end;
    .thread T_10;
    .scope S_0000019cef254400;
T_11 ;
    %pushi/vec4 1231972724, 0, 161;
    %store/vec4 v0000019cef2fc920_0, 0, 161;
    %pushi/vec4 0, 0, 1;
    %store/vec4 v0000019cef2fab20_0, 0, 1;
    %pushi/vec4 0, 0, 1;
    %store/vec4 v0000019cef2faa80_0, 0, 1;
    %pushi/vec4 3132756373, 0, 32;
    %store/vec4 v0000019cef2fb3e0_0, 0, 32;
    %pushi/vec4 305419896, 0, 32;
    %store/vec4 v0000019cef2fada0_0, 0, 32;
    %pushi/vec4 4, 0, 4;
    %store/vec4 v0000019cef2fae40_0, 0, 4;
    %pushi/vec4 0, 0, 1;
    %store/vec4 v0000019cef2fb520_0, 0, 1;
    %pushi/vec4 0, 0, 1;
    %store/vec4 v0000019cef2fc7e0_0, 0, 1;
    %pushi/vec4 0, 0, 1;
    %store/vec4 v0000019cef2fb020_0, 0, 1;
    %pushi/vec4 15, 0, 4;
    %store/vec4 v0000019cef2fbfc0_0, 0, 4;
    %pushi/vec4 0, 0, 1;
    %store/vec4 v0000019cef2fc880_0, 0, 1;
    %pushi/vec4 0, 0, 1;
    %store/vec4 v0000019cef2fc100_0, 0, 1;
    %pushi/vec4 5, 0, 4;
    %store/vec4 v0000019cef2fb340_0, 0, 4;
    %pushi/vec4 0, 0, 1;
    %store/vec4 v0000019cef2fb7a0_0, 0, 1;
    %pushi/vec4 0, 0, 1;
    %store/vec4 v0000019cef2fc1a0_0, 0, 1;
    %pushi/vec4 2, 0, 32;
T_11.0 %dup/vec4;
    %pushi/vec4 0, 0, 32;
    %cmp/s;
    %jmp/1xz T_11.1, 5;
    %jmp/1 T_11.1, 4;
    %pushi/vec4 1, 0, 32;
    %sub;
    %wait E_0000019cef24d8b0;
    %jmp T_11.0;
T_11.1 ;
    %pop/vec4 1;
    %delay 1000, 0;
    %pushi/vec4 2229201104, 0, 114;
    %concati/vec4 2169083269, 0, 33;
    %concati/vec4 9337, 0, 14;
    %store/vec4 v0000019cef2fc920_0, 0, 161;
    %pushi/vec4 1, 0, 1;
    %store/vec4 v0000019cef2fc100_0, 0, 1;
    %pushi/vec4 1, 0, 1;
    %store/vec4 v0000019cef2fc1a0_0, 0, 1;
    %pushi/vec4 1, 0, 1;
    %store/vec4 v0000019cef2faa80_0, 0, 1;
    %pushi/vec4 1, 0, 1;
    %store/vec4 v0000019cef2fc7e0_0, 0, 1;
    %wait E_0000019cef24d8b0;
    %delay 1000, 0;
    %pushi/vec4 1, 0, 1;
    %store/vec4 v0000019cef2fb020_0, 0, 1;
    %pushi/vec4 1, 0, 1;
    %store/vec4 v0000019cef2fb7a0_0, 0, 1;
    %pushi/vec4 1, 0, 1;
    %store/vec4 v0000019cef2fc880_0, 0, 1;
    %wait E_0000019cef24d8b0;
    %delay 1000, 0;
    %pushi/vec4 0, 0, 1;
    %store/vec4 v0000019cef2fb020_0, 0, 1;
    %pushi/vec4 0, 0, 1;
    %store/vec4 v0000019cef2fb7a0_0, 0, 1;
    %pushi/vec4 0, 0, 1;
    %store/vec4 v0000019cef2fc880_0, 0, 1;
    %pushi/vec4 2, 0, 32;
T_11.2 %dup/vec4;
    %pushi/vec4 0, 0, 32;
    %cmp/s;
    %jmp/1xz T_11.3, 5;
    %jmp/1 T_11.3, 4;
    %pushi/vec4 1, 0, 32;
    %sub;
    %wait E_0000019cef24d8b0;
    %jmp T_11.2;
T_11.3 ;
    %pop/vec4 1;
    %delay 1000, 0;
    %pushi/vec4 2392866990, 0, 66;
    %concati/vec4 3268602086, 0, 32;
    %concati/vec4 2160361869, 0, 33;
    %concati/vec4 962817125, 0, 30;
    %store/vec4 v0000019cef2fc920_0, 0, 161;
    %pushi/vec4 0, 0, 1;
    %store/vec4 v0000019cef2faa80_0, 0, 1;
    %pushi/vec4 0, 0, 1;
    %store/vec4 v0000019cef2fc7e0_0, 0, 1;
    %pushi/vec4 3735928559, 0, 32;
    %store/vec4 v0000019cef2fb3e0_0, 0, 32;
    %pushi/vec4 3735928559, 0, 32;
    %store/vec4 v0000019cef2fada0_0, 0, 32;
    %wait E_0000019cef24d8b0;
    %delay 1000, 0;
    %pushi/vec4 1, 0, 1;
    %store/vec4 v0000019cef2fb020_0, 0, 1;
    %pushi/vec4 1, 0, 1;
    %store/vec4 v0000019cef2fb7a0_0, 0, 1;
    %pushi/vec4 1, 0, 1;
    %store/vec4 v0000019cef2fc880_0, 0, 1;
    %wait E_0000019cef24d8b0;
    %delay 1000, 0;
    %pushi/vec4 1, 0, 1;
    %store/vec4 v0000019cef2faa80_0, 0, 1;
    %pushi/vec4 1, 0, 1;
    %store/vec4 v0000019cef2fc7e0_0, 0, 1;
    %pushi/vec4 0, 0, 1;
    %store/vec4 v0000019cef2fb020_0, 0, 1;
    %pushi/vec4 0, 0, 1;
    %store/vec4 v0000019cef2fb7a0_0, 0, 1;
    %pushi/vec4 0, 0, 1;
    %store/vec4 v0000019cef2fc880_0, 0, 1;
    %pushi/vec4 2, 0, 32;
T_11.4 %dup/vec4;
    %pushi/vec4 0, 0, 32;
    %cmp/s;
    %jmp/1xz T_11.5, 5;
    %jmp/1 T_11.5, 4;
    %pushi/vec4 1, 0, 32;
    %sub;
    %wait E_0000019cef24d8b0;
    %jmp T_11.4;
T_11.5 ;
    %pop/vec4 1;
    %delay 1000, 0;
    %pushi/vec4 2392866990, 0, 58;
    %concati/vec4 3268602086, 0, 32;
    %concati/vec4 2160624013, 0, 33;
    %concati/vec4 3851268501, 0, 32;
    %concati/vec4 51, 0, 6;
    %store/vec4 v0000019cef2fc920_0, 0, 161;
    %pushi/vec4 0, 0, 1;
    %store/vec4 v0000019cef2faa80_0, 0, 1;
    %pushi/vec4 0, 0, 1;
    %store/vec4 v0000019cef2fc7e0_0, 0, 1;
    %pushi/vec4 57630, 0, 32;
    %store/vec4 v0000019cef2fb3e0_0, 0, 32;
    %pushi/vec4 57630, 0, 32;
    %store/vec4 v0000019cef2fada0_0, 0, 32;
    %wait E_0000019cef24d8b0;
    %delay 1000, 0;
    %pushi/vec4 1, 0, 1;
    %store/vec4 v0000019cef2fb020_0, 0, 1;
    %pushi/vec4 1, 0, 1;
    %store/vec4 v0000019cef2fb7a0_0, 0, 1;
    %pushi/vec4 1, 0, 1;
    %store/vec4 v0000019cef2fc880_0, 0, 1;
    %wait E_0000019cef24d8b0;
    %delay 1000, 0;
    %pushi/vec4 0, 0, 1;
    %store/vec4 v0000019cef2fb020_0, 0, 1;
    %pushi/vec4 0, 0, 1;
    %store/vec4 v0000019cef2fb7a0_0, 0, 1;
    %pushi/vec4 0, 0, 1;
    %store/vec4 v0000019cef2fc880_0, 0, 1;
    %wait E_0000019cef24d8b0;
    %delay 1000, 0;
    %pushi/vec4 1, 0, 1;
    %store/vec4 v0000019cef2faa80_0, 0, 1;
    %pushi/vec4 1, 0, 1;
    %store/vec4 v0000019cef2fc7e0_0, 0, 1;
    %pushi/vec4 2, 0, 32;
T_11.6 %dup/vec4;
    %pushi/vec4 0, 0, 32;
    %cmp/s;
    %jmp/1xz T_11.7, 5;
    %jmp/1 T_11.7, 4;
    %pushi/vec4 1, 0, 32;
    %sub;
    %wait E_0000019cef24d8b0;
    %jmp T_11.6;
T_11.7 ;
    %pop/vec4 1;
    %delay 1000, 0;
    %pushi/vec4 2192609856, 0, 58;
    %concati/vec4 2932003560, 0, 32;
    %concati/vec4 3862979136, 0, 32;
    %concati/vec4 3337799384, 0, 32;
    %concati/vec4 101, 0, 7;
    %store/vec4 v0000019cef2fc920_0, 0, 161;
    %pushi/vec4 305419896, 0, 32;
    %store/vec4 v0000019cef2fb3e0_0, 0, 32;
    %pushi/vec4 305419896, 0, 32;
    %store/vec4 v0000019cef2fada0_0, 0, 32;
    %wait E_0000019cef24d8b0;
    %delay 1000, 0;
    %pushi/vec4 1, 0, 1;
    %store/vec4 v0000019cef2fb020_0, 0, 1;
    %pushi/vec4 1, 0, 1;
    %store/vec4 v0000019cef2fb7a0_0, 0, 1;
    %pushi/vec4 1, 0, 1;
    %store/vec4 v0000019cef2fc880_0, 0, 1;
    %pushi/vec4 0, 0, 1;
    %store/vec4 v0000019cef2fc100_0, 0, 1;
    %pushi/vec4 0, 0, 1;
    %store/vec4 v0000019cef2fc1a0_0, 0, 1;
    %wait E_0000019cef24d8b0;
    %delay 1000, 0;
    %pushi/vec4 0, 0, 1;
    %store/vec4 v0000019cef2fb020_0, 0, 1;
    %pushi/vec4 0, 0, 1;
    %store/vec4 v0000019cef2fb7a0_0, 0, 1;
    %pushi/vec4 0, 0, 1;
    %store/vec4 v0000019cef2fc880_0, 0, 1;
    %pushi/vec4 1, 0, 1;
    %store/vec4 v0000019cef2fc100_0, 0, 1;
    %pushi/vec4 1, 0, 1;
    %store/vec4 v0000019cef2fc1a0_0, 0, 1;
    %pushi/vec4 2, 0, 32;
T_11.8 %dup/vec4;
    %pushi/vec4 0, 0, 32;
    %cmp/s;
    %jmp/1xz T_11.9, 5;
    %jmp/1 T_11.9, 4;
    %pushi/vec4 1, 0, 32;
    %sub;
    %wait E_0000019cef24d8b0;
    %jmp T_11.8;
T_11.9 ;
    %pop/vec4 1;
    %delay 1000, 0;
    %pushi/vec4 2192609856, 0, 50;
    %concati/vec4 2932003560, 0, 32;
    %concati/vec4 3862979648, 0, 32;
    %concati/vec4 3337799384, 0, 32;
    %concati/vec4 25971, 0, 15;
    %store/vec4 v0000019cef2fc920_0, 0, 161;
    %pushi/vec4 1, 0, 1;
    %store/vec4 v0000019cef2faa80_0, 0, 1;
    %pushi/vec4 1, 0, 1;
    %store/vec4 v0000019cef2fc7e0_0, 0, 1;
    %pushi/vec4 570691989, 0, 32;
    %store/vec4 v0000019cef2fb3e0_0, 0, 32;
    %pushi/vec4 570691989, 0, 32;
    %store/vec4 v0000019cef2fada0_0, 0, 32;
    %wait E_0000019cef24d8b0;
    %delay 1000, 0;
    %pushi/vec4 1, 0, 1;
    %store/vec4 v0000019cef2fb020_0, 0, 1;
    %pushi/vec4 1, 0, 1;
    %store/vec4 v0000019cef2fb7a0_0, 0, 1;
    %pushi/vec4 1, 0, 1;
    %store/vec4 v0000019cef2fc880_0, 0, 1;
    %pushi/vec4 0, 0, 1;
    %store/vec4 v0000019cef2fc100_0, 0, 1;
    %pushi/vec4 0, 0, 1;
    %store/vec4 v0000019cef2fc1a0_0, 0, 1;
    %wait E_0000019cef24d8b0;
    %delay 1000, 0;
    %pushi/vec4 0, 0, 1;
    %store/vec4 v0000019cef2fb020_0, 0, 1;
    %pushi/vec4 0, 0, 1;
    %store/vec4 v0000019cef2fb7a0_0, 0, 1;
    %pushi/vec4 0, 0, 1;
    %store/vec4 v0000019cef2fc880_0, 0, 1;
    %wait E_0000019cef24d8b0;
    %delay 1000, 0;
    %pushi/vec4 1, 0, 1;
    %store/vec4 v0000019cef2fc100_0, 0, 1;
    %pushi/vec4 1, 0, 1;
    %store/vec4 v0000019cef2fc1a0_0, 0, 1;
    %pushi/vec4 2, 0, 32;
T_11.10 %dup/vec4;
    %pushi/vec4 0, 0, 32;
    %cmp/s;
    %jmp/1xz T_11.11, 5;
    %jmp/1 T_11.11, 4;
    %pushi/vec4 1, 0, 32;
    %sub;
    %wait E_0000019cef24d8b0;
    %jmp T_11.10;
T_11.11 ;
    %pop/vec4 1;
    %delay 1000, 0;
    %pushi/vec4 2392866990, 0, 66;
    %concati/vec4 3268602086, 0, 32;
    %concati/vec4 2165409233, 0, 33;
    %concati/vec4 555770728, 0, 30;
    %store/vec4 v0000019cef2fc920_0, 0, 161;
    %pushi/vec4 0, 0, 1;
    %store/vec4 v0000019cef2faa80_0, 0, 1;
    %pushi/vec4 0, 0, 1;
    %store/vec4 v0000019cef2fc7e0_0, 0, 1;
    %pushi/vec4 0, 0, 32;
    %store/vec4 v0000019cef2fb3e0_0, 0, 32;
    %pushi/vec4 57630, 0, 32;
    %store/vec4 v0000019cef2fada0_0, 0, 32;
    %wait E_0000019cef24d8b0;
    %delay 1000, 0;
    %pushi/vec4 1, 0, 1;
    %store/vec4 v0000019cef2fb020_0, 0, 1;
    %pushi/vec4 1, 0, 1;
    %store/vec4 v0000019cef2fb7a0_0, 0, 1;
    %pushi/vec4 1, 0, 1;
    %store/vec4 v0000019cef2fc880_0, 0, 1;
    %wait E_0000019cef24d8b0;
    %delay 1000, 0;
    %pushi/vec4 0, 0, 1;
    %store/vec4 v0000019cef2fb020_0, 0, 1;
    %pushi/vec4 0, 0, 1;
    %store/vec4 v0000019cef2fb7a0_0, 0, 1;
    %pushi/vec4 0, 0, 1;
    %store/vec4 v0000019cef2fc880_0, 0, 1;
    %pushi/vec4 0, 0, 32;
    %store/vec4 v0000019cef2fada0_0, 0, 32;
    %pushi/vec4 0, 0, 4;
    %store/vec4 v0000019cef2fb340_0, 0, 4;
    %wait E_0000019cef24d8b0;
    %delay 1000, 0;
    %pushi/vec4 57630, 0, 32;
    %store/vec4 v0000019cef2fb3e0_0, 0, 32;
    %pushi/vec4 1, 0, 1;
    %store/vec4 v0000019cef2faa80_0, 0, 1;
    %pushi/vec4 1, 0, 1;
    %store/vec4 v0000019cef2fc7e0_0, 0, 1;
    %pushi/vec4 2, 0, 32;
T_11.12 %dup/vec4;
    %pushi/vec4 0, 0, 32;
    %cmp/s;
    %jmp/1xz T_11.13, 5;
    %jmp/1 T_11.13, 4;
    %pushi/vec4 1, 0, 32;
    %sub;
    %wait E_0000019cef24d8b0;
    %jmp T_11.12;
T_11.13 ;
    %pop/vec4 1;
    %delay 1000, 0;
    %pushi/vec4 2192609856, 0, 58;
    %concati/vec4 2932003560, 0, 32;
    %concati/vec4 3862988994, 0, 32;
    %concati/vec4 3905044678, 0, 32;
    %concati/vec4 104, 0, 7;
    %store/vec4 v0000019cef2fc920_0, 0, 161;
    %pushi/vec4 1, 0, 1;
    %store/vec4 v0000019cef2faa80_0, 0, 1;
    %pushi/vec4 1, 0, 1;
    %store/vec4 v0000019cef2fc7e0_0, 0, 1;
    %pushi/vec4 570691989, 0, 32;
    %store/vec4 v0000019cef2fb3e0_0, 0, 32;
    %pushi/vec4 570691989, 0, 32;
    %store/vec4 v0000019cef2fada0_0, 0, 32;
    %pushi/vec4 3, 0, 4;
    %store/vec4 v0000019cef2fb340_0, 0, 4;
    %wait E_0000019cef24d8b0;
    %delay 1000, 0;
    %pushi/vec4 1, 0, 1;
    %store/vec4 v0000019cef2fb020_0, 0, 1;
    %pushi/vec4 1, 0, 1;
    %store/vec4 v0000019cef2fb7a0_0, 0, 1;
    %pushi/vec4 1, 0, 1;
    %store/vec4 v0000019cef2fc880_0, 0, 1;
    %pushi/vec4 0, 0, 1;
    %store/vec4 v0000019cef2fc100_0, 0, 1;
    %pushi/vec4 0, 0, 1;
    %store/vec4 v0000019cef2fc1a0_0, 0, 1;
    %wait E_0000019cef24d8b0;
    %delay 1000, 0;
    %pushi/vec4 0, 0, 1;
    %store/vec4 v0000019cef2fb020_0, 0, 1;
    %pushi/vec4 0, 0, 1;
    %store/vec4 v0000019cef2fb7a0_0, 0, 1;
    %pushi/vec4 0, 0, 1;
    %store/vec4 v0000019cef2fc880_0, 0, 1;
    %pushi/vec4 0, 0, 32;
    %store/vec4 v0000019cef2fb3e0_0, 0, 32;
    %pushi/vec4 0, 0, 32;
    %store/vec4 v0000019cef2fada0_0, 0, 32;
    %pushi/vec4 0, 0, 4;
    %store/vec4 v0000019cef2fb340_0, 0, 4;
    %wait E_0000019cef24d8b0;
    %delay 1000, 0;
    %pushi/vec4 1, 0, 1;
    %store/vec4 v0000019cef2fc100_0, 0, 1;
    %pushi/vec4 1, 0, 1;
    %store/vec4 v0000019cef2fc1a0_0, 0, 1;
    %pushi/vec4 5, 0, 32;
T_11.14 %dup/vec4;
    %pushi/vec4 0, 0, 32;
    %cmp/s;
    %jmp/1xz T_11.15, 5;
    %jmp/1 T_11.15, 4;
    %pushi/vec4 1, 0, 32;
    %sub;
    %wait E_0000019cef24d8b0;
    %jmp T_11.14;
T_11.15 ;
    %pop/vec4 1;
    %delay 1000, 0;
    %vpi_call/w 3 262 "$finish" {0 0 0};
    %end;
    .thread T_11;
# The file index is used to find the file name in the following table.
:file_names 5;
    "N/A";
    "<interactive>";
    "-";
    "tb.v";
    "axi_lite_slave_v1_0.v";
